
[10:19:20] TO: parent@nanny.app
SUBJECT: Booking confirmed — Nanny-App
================================================================================
Hi Thandi Nkosi,

Your booking request with Margaret Lopez has been submitted.

Date & time: Wed 05 Aug 2026 at 10:48
Duration: 1 hours\nAddress: Zone 12
Estimated cost: R28.00
Reference: BKF40989

Your nanny will confirm or respond shortly. You can track your booking on your dashboard.
================================================================================

[10:56:42] TO: parent@nanny.app
SUBJECT: Booking confirmed — Nanny-App
================================================================================
Hi Thandi Nkosi,

Your booking request with Amelia Carter has been submitted.

Date & time: Thu 06 Aug 2026 at 10:00
Duration: 3 hours\nAddress: 12 Test Street, Johannesburg
Estimated cost: R66.00
Reference: BK1F9407

Your nanny will confirm or respond shortly. You can track your booking on your dashboard.
================================================================================

[10:56:56] TO: parent@nanny.app
SUBJECT: Booking accepted — your check-in PIN
================================================================================
Hi Thandi Nkosi,

Amelia Carter accepted your booking on Thu 06 Aug, 10:00.

Your check-in PIN is: 516143

For your safety, only hand this PIN to the nanny once they have actually arrived at your home. They need it to check in, and payment is only released to them after you confirm the session took place.

View your booking: /nannyapp/parent/bookings.php
================================================================================

[10:58:28] TO: parent@nanny.app
SUBJECT: Booking confirmed — Nanny-App
================================================================================
Hi Thandi Nkosi,

Your booking request with Amelia Carter has been submitted.

Date & time: Fri 07 Aug 2026 at 14:00
Duration: 2 hours\nAddress: 45 Dispute Ave
Estimated cost: R44.00
Reference: BK68AEC5

Your nanny will confirm or respond shortly. You can track your booking on your dashboard.
================================================================================

[10:58:43] TO: parent@nanny.app
SUBJECT: Booking accepted — your check-in PIN
================================================================================
Hi Thandi Nkosi,

Amelia Carter accepted your booking on Fri 07 Aug, 14:00.

Your check-in PIN is: 327147

For your safety, only hand this PIN to the nanny once they have actually arrived at your home. They need it to check in, and payment is only released to them after you confirm the session took place.

View your booking: /nannyapp/parent/bookings.php
================================================================================

[11:00:39] TO: parent@nanny.app
SUBJECT: Booking confirmed — Nanny-App
================================================================================
Hi Thandi Nkosi,

Your booking request with Amelia Carter has been submitted.

Date & time: Sat 08 Aug 2026 at 09:00
Duration: 1 hours\nAddress: Auto-release test
Estimated cost: R22.00
Reference: BKF0F595

Your nanny will confirm or respond shortly. You can track your booking on your dashboard.
================================================================================

[11:00:40] TO: parent@nanny.app
SUBJECT: Booking accepted — your check-in PIN
================================================================================
Hi Thandi Nkosi,

Amelia Carter accepted your booking on Sat 08 Aug, 09:00.

Your check-in PIN is: 226986

For your safety, only hand this PIN to the nanny once they have actually arrived at your home. They need it to check in, and payment is only released to them after you confirm the session took place.

View your booking: /nannyapp/parent/bookings.php
================================================================================

[11:00:59] TO: parent@nanny.app
SUBJECT: Booking confirmed — Nanny-App
================================================================================
Hi Thandi Nkosi,

Your booking request with Amelia Carter has been submitted.

Date & time: Sun 09 Aug 2026 at 09:00
Duration: 1 hours\nAddress: Refund test
Estimated cost: R22.00
Reference: BK5C117B

Your nanny will confirm or respond shortly. You can track your booking on your dashboard.
================================================================================

[11:01:00] TO: parent@nanny.app
SUBJECT: Booking accepted — your check-in PIN
================================================================================
Hi Thandi Nkosi,

Amelia Carter accepted your booking on Sun 09 Aug, 09:00.

Your check-in PIN is: 221769

For your safety, only hand this PIN to the nanny once they have actually arrived at your home. They need it to check in, and payment is only released to them after you confirm the session took place.

View your booking: /nannyapp/parent/bookings.php
================================================================================

[11:02:42] TO: parent@nanny.app
SUBJECT: Booking confirmed — Nanny-App
================================================================================
Hi Thandi Nkosi,

Your booking request with Amelia Carter has been submitted.

Date & time: Mon 10 Aug 2026 at 09:00
Duration: 1 hours\nAddress: No show test
Estimated cost: R22.00
Reference: BKD7933B

Your nanny will confirm or respond shortly. You can track your booking on your dashboard.
================================================================================

[11:02:42] TO: parent@nanny.app
SUBJECT: Booking accepted — your check-in PIN
================================================================================
Hi Thandi Nkosi,

Amelia Carter accepted your booking on Mon 10 Aug, 09:00.

Your check-in PIN is: 403416

For your safety, only hand this PIN to the nanny once they have actually arrived at your home. They need it to check in, and payment is only released to them after you confirm the session took place.

View your booking: /nannyapp/parent/bookings.php
================================================================================

[11:03:41] TO: parent@nanny.app
SUBJECT: Booking confirmed — Nanny-App
================================================================================
Hi Thandi Nkosi,

Your booking request with Amelia Carter has been submitted.

Date & time: Tue 11 Aug 2026 at 09:00
Duration: 1 hours\nAddress: No show retest
Estimated cost: R22.00
Reference: BK21913D

Your nanny will confirm or respond shortly. You can track your booking on your dashboard.
================================================================================

[11:03:42] TO: parent@nanny.app
SUBJECT: Booking accepted — your check-in PIN
================================================================================
Hi Thandi Nkosi,

Amelia Carter accepted your booking on Tue 11 Aug, 09:00.

Your check-in PIN is: 948670

For your safety, only hand this PIN to the nanny once they have actually arrived at your home. They need it to check in, and payment is only released to them after you confirm the session took place.

View your booking: /nannyapp/parent/bookings.php
================================================================================
